// Jest Snapshot v1, https://goo.gl/fbAQLP

exports[`awdjgyawd 1`] = `
<div>
  <div />
</div>
`;

exports[`shekjf 1`] = `
<div>
  <div />
</div>
`;
